<html>
<body>
<pre>
<h1>µVision Build Log</h1>
<h2>Project:</h2>
D:\04. NuvotonCodeBase\Mini51\Mini51DESeriesBSP_CMSIS_v3.00.001\01. Project_LP SPI Dongle\Keil\LePower_SPI Dongle_V01.uvproj
Project File Date:  02/18/2014

<h2>Output:</h2>
Rebuild target 'Target 1'
creating preprocessor file for system_Mini51Series.c...
compiling system_Mini51Series.c...
assembling startup_Mini51Series.s...
creating preprocessor file for retarget.c...
compiling retarget.c...
creating preprocessor file for uart.c...
compiling uart.c...
creating preprocessor file for sys.c...
compiling sys.c...
creating preprocessor file for clk.c...
compiling clk.c...
creating preprocessor file for timer.c...
compiling timer.c...
creating preprocessor file for main.c...
compiling main.c...
..\main.c(113): warning:  #175-D: subscript out of range
..\main.c(114): warning:  #175-D: subscript out of range
..\main.c(116): warning:  #175-D: subscript out of range
linking...
Program Size: Code=2840 RO-data=296 RW-data=44 ZI-data=1660  
FromELF: creating hex file...
User command #1: fromelf --bin ".\obj\LePower_SPI Dongle_V01.axf" --output ".\obj\LePower_SPI Dongle_V01.bin"
User command #2: fromelf --text -c ".\obj\LePower_SPI Dongle_V01.axf" --output ".\obj\LePower_SPI Dongle_V01.txt"
".\obj\LePower_SPI Dongle_V01.axf" - 0 Error(s), 3 Warning(s).
Load "D:\\04. NuvotonCodeBase\\Mini51\\Mini51DESeriesBSP_CMSIS_v3.00.001\\01. Project_LP SPI Dongle\\Keil\\obj\\LePower_SPI Dongle_V01.AXF" 
Rebuild target 'Target 1'
creating preprocessor file for system_Mini51Series.c...
compiling system_Mini51Series.c...
assembling startup_Mini51Series.s...
creating preprocessor file for retarget.c...
compiling retarget.c...
creating preprocessor file for uart.c...
compiling uart.c...
creating preprocessor file for sys.c...
compiling sys.c...
creating preprocessor file for clk.c...
compiling clk.c...
creating preprocessor file for timer.c...
compiling timer.c...
creating preprocessor file for main.c...
compiling main.c...
..\main.c(113): warning:  #175-D: subscript out of range
..\main.c(114): warning:  #175-D: subscript out of range
..\main.c(116): warning:  #175-D: subscript out of range
linking...
.\obj\LePower_SPI Dongle_V01.axf: Error: L6218E: Undefined symbol SPI_EnableAutoSS (referred from main.o).
.\obj\LePower_SPI Dongle_V01.axf: Error: L6218E: Undefined symbol SPI_Open (referred from main.o).
Target not created
Rebuild target 'Target 1'
creating preprocessor file for system_Mini51Series.c...
compiling system_Mini51Series.c...
assembling startup_Mini51Series.s...
creating preprocessor file for retarget.c...
compiling retarget.c...
creating preprocessor file for uart.c...
compiling uart.c...
creating preprocessor file for sys.c...
compiling sys.c...
creating preprocessor file for clk.c...
compiling clk.c...
creating preprocessor file for timer.c...
compiling timer.c...
creating preprocessor file for spi.c...
compiling spi.c...
creating preprocessor file for main.c...
compiling main.c...
..\main.c(113): warning:  #175-D: subscript out of range
..\main.c(114): warning:  #175-D: subscript out of range
..\main.c(116): warning:  #175-D: subscript out of range
linking...
Program Size: Code=3516 RO-data=296 RW-data=44 ZI-data=1660  
FromELF: creating hex file...
User command #1: fromelf --bin ".\obj\LePower_SPI Dongle_V01.axf" --output ".\obj\LePower_SPI Dongle_V01.bin"
User command #2: fromelf --text -c ".\obj\LePower_SPI Dongle_V01.axf" --output ".\obj\LePower_SPI Dongle_V01.txt"
".\obj\LePower_SPI Dongle_V01.axf" - 0 Error(s), 3 Warning(s).
Load "D:\\04. NuvotonCodeBase\\Mini51\\Mini51DESeriesBSP_CMSIS_v3.00.001\\01. Project_LP SPI Dongle\\Keil\\obj\\LePower_SPI Dongle_V01.AXF" 
Rebuild target 'Target 1'
creating preprocessor file for system_Mini51Series.c...
compiling system_Mini51Series.c...
assembling startup_Mini51Series.s...
creating preprocessor file for retarget.c...
compiling retarget.c...
creating preprocessor file for uart.c...
compiling uart.c...
creating preprocessor file for sys.c...
compiling sys.c...
creating preprocessor file for clk.c...
compiling clk.c...
creating preprocessor file for timer.c...
compiling timer.c...
creating preprocessor file for spi.c...
compiling spi.c...
creating preprocessor file for main.c...
compiling main.c...
..\main.c(122): warning:  #175-D: subscript out of range
..\main.c(123): warning:  #175-D: subscript out of range
linking...
Program Size: Code=3152 RO-data=296 RW-data=44 ZI-data=1660  
FromELF: creating hex file...
User command #1: fromelf --bin ".\obj\LePower_SPI Dongle_V01.axf" --output ".\obj\LePower_SPI Dongle_V01.bin"
User command #2: fromelf --text -c ".\obj\LePower_SPI Dongle_V01.axf" --output ".\obj\LePower_SPI Dongle_V01.txt"
".\obj\LePower_SPI Dongle_V01.axf" - 0 Error(s), 2 Warning(s).
Load "D:\\04. NuvotonCodeBase\\Mini51\\Mini51DESeriesBSP_CMSIS_v3.00.001\\01. Project_LP SPI Dongle\\Keil\\obj\\LePower_SPI Dongle_V01.AXF" 
Rebuild target 'Target 1'
creating preprocessor file for system_Mini51Series.c...
compiling system_Mini51Series.c...
assembling startup_Mini51Series.s...
creating preprocessor file for retarget.c...
compiling retarget.c...
creating preprocessor file for uart.c...
compiling uart.c...
creating preprocessor file for sys.c...
compiling sys.c...
creating preprocessor file for clk.c...
compiling clk.c...
creating preprocessor file for timer.c...
compiling timer.c...
creating preprocessor file for spi.c...
compiling spi.c...
creating preprocessor file for main.c...
compiling main.c...
..\main.c(125): warning:  #175-D: subscript out of range
..\main.c(126): warning:  #175-D: subscript out of range
linking...
Program Size: Code=3168 RO-data=296 RW-data=44 ZI-data=1660  
FromELF: creating hex file...
User command #1: fromelf --bin ".\obj\LePower_SPI Dongle_V01.axf" --output ".\obj\LePower_SPI Dongle_V01.bin"
User command #2: fromelf --text -c ".\obj\LePower_SPI Dongle_V01.axf" --output ".\obj\LePower_SPI Dongle_V01.txt"
".\obj\LePower_SPI Dongle_V01.axf" - 0 Error(s), 2 Warning(s).
Load "D:\\04. NuvotonCodeBase\\Mini51\\Mini51DESeriesBSP_CMSIS_v3.00.001\\01. Project_LP SPI Dongle\\Keil\\obj\\LePower_SPI Dongle_V01.AXF" 
Build target 'Target 1'
creating preprocessor file for main.c...
compiling main.c...
..\main.c(126): warning:  #175-D: subscript out of range
..\main.c(127): warning:  #175-D: subscript out of range
linking...
Program Size: Code=3180 RO-data=296 RW-data=44 ZI-data=1660  
FromELF: creating hex file...
User command #1: fromelf --bin ".\obj\LePower_SPI Dongle_V01.axf" --output ".\obj\LePower_SPI Dongle_V01.bin"
User command #2: fromelf --text -c ".\obj\LePower_SPI Dongle_V01.axf" --output ".\obj\LePower_SPI Dongle_V01.txt"
".\obj\LePower_SPI Dongle_V01.axf" - 0 Error(s), 2 Warning(s).
Load "D:\\04. NuvotonCodeBase\\Mini51\\Mini51DESeriesBSP_CMSIS_v3.00.001\\01. Project_LP SPI Dongle\\Keil\\obj\\LePower_SPI Dongle_V01.AXF" 
Rebuild target 'Target 1'
creating preprocessor file for system_Mini51Series.c...
compiling system_Mini51Series.c...
assembling startup_Mini51Series.s...
creating preprocessor file for retarget.c...
compiling retarget.c...
creating preprocessor file for uart.c...
compiling uart.c...
creating preprocessor file for sys.c...
compiling sys.c...
creating preprocessor file for clk.c...
compiling clk.c...
creating preprocessor file for timer.c...
compiling timer.c...
creating preprocessor file for spi.c...
compiling spi.c...
creating preprocessor file for main.c...
compiling main.c...
..\main.c(126): warning:  #175-D: subscript out of range
..\main.c(128): warning:  #175-D: subscript out of range
linking...
Program Size: Code=3188 RO-data=296 RW-data=44 ZI-data=1660  
FromELF: creating hex file...
User command #1: fromelf --bin ".\obj\LePower_SPI Dongle_V01.axf" --output ".\obj\LePower_SPI Dongle_V01.bin"
User command #2: fromelf --text -c ".\obj\LePower_SPI Dongle_V01.axf" --output ".\obj\LePower_SPI Dongle_V01.txt"
".\obj\LePower_SPI Dongle_V01.axf" - 0 Error(s), 2 Warning(s).
Load "D:\\04. NuvotonCodeBase\\Mini51\\Mini51DESeriesBSP_CMSIS_v3.00.001\\01. Project_LP SPI Dongle\\Keil\\obj\\LePower_SPI Dongle_V01.AXF" 
Load "D:\\04. NuvotonCodeBase\\Mini51\\Mini51DESeriesBSP_CMSIS_v3.00.001\\01. Project_LP SPI Dongle\\Keil\\obj\\LePower_SPI Dongle_V01.AXF" 
Rebuild target 'Target 1'
creating preprocessor file for system_Mini51Series.c...
compiling system_Mini51Series.c...
assembling startup_Mini51Series.s...
creating preprocessor file for retarget.c...
compiling retarget.c...
creating preprocessor file for uart.c...
compiling uart.c...
creating preprocessor file for sys.c...
compiling sys.c...
creating preprocessor file for clk.c...
compiling clk.c...
creating preprocessor file for timer.c...
compiling timer.c...
creating preprocessor file for spi.c...
compiling spi.c...
creating preprocessor file for main.c...
compiling main.c...
..\main.c(126): warning:  #175-D: subscript out of range
..\main.c(128): warning:  #175-D: subscript out of range
linking...
Program Size: Code=3168 RO-data=296 RW-data=44 ZI-data=1660  
FromELF: creating hex file...
User command #1: fromelf --bin ".\obj\LePower_SPI Dongle_V01.axf" --output ".\obj\LePower_SPI Dongle_V01.bin"
User command #2: fromelf --text -c ".\obj\LePower_SPI Dongle_V01.axf" --output ".\obj\LePower_SPI Dongle_V01.txt"
".\obj\LePower_SPI Dongle_V01.axf" - 0 Error(s), 2 Warning(s).
