<html>
<body>
<pre>
<h1>µVision Build Log</h1>
<h2>Project:</h2>
D:\04. NuvotonCodeBase\Mini51\Mini51DESeriesBSP_CMSIS_v3.00.001\SampleCode\Template\Keil\Template.uvproj
Project File Date:  02/17/2014

<h2>Output:</h2>
Rebuild target 'Template'
assembling startup_Mini51Series.s...
creating preprocessor file for system_Mini51Series.c...
compiling system_Mini51Series.c...
creating preprocessor file for retarget.c...
compiling retarget.c...
creating preprocessor file for uart.c...
compiling uart.c...
creating preprocessor file for sys.c...
compiling sys.c...
creating preprocessor file for main.c...
compiling main.c...
linking...
Program Size: Code=1164 RO-data=256 RW-data=12 ZI-data=612  
User command #1: fromelf --bin ".\obj\template.axf" --output ".\obj\template.bin"
User command #2: fromelf --text -c ".\obj\template.axf" --output ".\obj\template.txt"
".\obj\template.axf" - 0 Error(s), 0 Warning(s).
Build target 'Template'
linking...
Program Size: Code=1164 RO-data=256 RW-data=12 ZI-data=612  
User command #1: fromelf --bin ".\obj\template.axf" --output ".\obj\template.bin"
User command #2: fromelf --text -c ".\obj\template.axf" --output ".\obj\template.txt"
".\obj\template.axf" - 0 Error(s), 0 Warning(s).
