ARM Linker, 4.1 [Build 894] [Evaluation]

==============================================================================

Image Symbol Table

    Local Symbols

    Symbol Name                              Value     Ov Type        Size  Object(Section)

    RESET                                    0x00000000   Section      192  startup_mini51series.o(RESET)
    ../../angel/boardlib.s                   0x00000000   Number         0  boardinit3.o ABSOLUTE
    ../../angel/boardlib.s                   0x00000000   Number         0  boardinit2.o ABSOLUTE
    ../../angel/boardlib.s                   0x00000000   Number         0  boardinit1.o ABSOLUTE
    ../../angel/boardlib.s                   0x00000000   Number         0  boardshut.o ABSOLUTE
    ../../angel/handlers.s                   0x00000000   Number         0  __scatter_copy.o ABSOLUTE
    ../../angel/handlers.s                   0x00000000   Number         0  __scatter_zi.o ABSOLUTE
    ../../angel/kernel.s                     0x00000000   Number         0  rtexit.o ABSOLUTE
    ../../angel/kernel.s                     0x00000000   Number         0  rtentry4.o ABSOLUTE
    ../../angel/kernel.s                     0x00000000   Number         0  rtexit2.o ABSOLUTE
    ../../angel/kernel.s                     0x00000000   Number         0  rtentry2.o ABSOLUTE
    ../../angel/kernel.s                     0x00000000   Number         0  rtentry.o ABSOLUTE
    ../../angel/rt.s                         0x00000000   Number         0  aeabi_idiv0.o ABSOLUTE
    ../../angel/rt.s                         0x00000000   Number         0  rt_raise.o ABSOLUTE
    ../../angel/rt.s                         0x00000000   Number         0  rt_div0.o ABSOLUTE
    ../../angel/rt.s                         0x00000000   Number         0  aeabi_idiv0_sigfpe.o ABSOLUTE
    ../../angel/scatterp.s                   0x00000000   Number         0  __scatter.o ABSOLUTE
    ../../angel/startup.s                    0x00000000   Number         0  __main.o ABSOLUTE
    ../../angel/sys.s                        0x00000000   Number         0  libspace.o ABSOLUTE
    ../../angel/sys.s                        0x00000000   Number         0  sys_stackheap_outer.o ABSOLUTE
    ../../angel/sys.s                        0x00000000   Number         0  indicate_semi.o ABSOLUTE
    ../../angel/sys.s                        0x00000000   Number         0  use_no_semi.o ABSOLUTE
    ../../angel/sys.s                        0x00000000   Number         0  tempstk.o ABSOLUTE
    ../../angel/sysapp.c                     0x00000000   Number         0  sys_exit.o ABSOLUTE
    ../../angel/sysapp.c                     0x00000000   Number         0  sys_command.o ABSOLUTE
    ../../armsys.c                           0x00000000   Number         0  argv_veneer.o ABSOLUTE
    ../../armsys.c                           0x00000000   Number         0  _get_argv_nomalloc.o ABSOLUTE
    ../../armsys.c                           0x00000000   Number         0  no_argv.o ABSOLUTE
    ../../cfplib/d2f.c                       0x00000000   Number         0  d2f.o ABSOLUTE
    ../../cfplib/ddiv.c                      0x00000000   Number         0  ddiv.o ABSOLUTE
    ../../cfplib/f2d.c                       0x00000000   Number         0  f2d.o ABSOLUTE
    ../../cfplib/ffix.c                      0x00000000   Number         0  ffixui.o ABSOLUTE
    ../../cfplib/fflt.c                      0x00000000   Number         0  fflti.o ABSOLUTE
    ../../cfplib/fpinit.c                    0x00000000   Number         0  fpinit.o ABSOLUTE
    ../../division.s                         0x00000000   Number         0  aeabi_sdiv.o ABSOLUTE
    ../../division.s                         0x00000000   Number         0  aeabi_sdiv_div0.o ABSOLUTE
    ../../fmul6m.s                           0x00000000   Number         0  fmul.o ABSOLUTE
    ../../heapalloc.c                        0x00000000   Number         0  hrguard.o ABSOLUTE
    ../../heapaux.c                          0x00000000   Number         0  heapauxi.o ABSOLUTE
    ../../libinit.s                          0x00000000   Number         0  libshutdown2.o ABSOLUTE
    ../../libinit.s                          0x00000000   Number         0  libinit2.o ABSOLUTE
    ../../libinit.s                          0x00000000   Number         0  libshutdown.o ABSOLUTE
    ../../libinit.s                          0x00000000   Number         0  libinit.o ABSOLUTE
    ../../misc.s                             0x00000000   Number         0  printf_stubs.o ABSOLUTE
    ../../printf.c                           0x00000000   Number         0  _printf_char_file.o ABSOLUTE
    ../../printf.c                           0x00000000   Number         0  _printf_char_common.o ABSOLUTE
    ../../printf.c                           0x00000000   Number         0  __2printf.o ABSOLUTE
    ../../printf.c                           0x00000000   Number         0  noretval__2printf.o ABSOLUTE
    ../../printf.c                           0x00000000   Number         0  __printf.o ABSOLUTE
    ../../printf.c                           0x00000000   Number         0  _printf_hex_ll.o ABSOLUTE
    ../../printf.c                           0x00000000   Number         0  _printf_hex_int.o ABSOLUTE
    ../../printf.c                           0x00000000   Number         0  _printf_hex_int_ll.o ABSOLUTE
    ../../printf.c                           0x00000000   Number         0  _printf_hex_ptr.o ABSOLUTE
    ../../printf.c                           0x00000000   Number         0  _printf_hex_int_ptr.o ABSOLUTE
    ../../printf.c                           0x00000000   Number         0  _printf_hex_ll_ptr.o ABSOLUTE
    ../../printf.c                           0x00000000   Number         0  _printf_hex_int_ll_ptr.o ABSOLUTE
    ../../printf.c                           0x00000000   Number         0  __printf_flags.o ABSOLUTE
    ../../printf.c                           0x00000000   Number         0  __printf_ss.o ABSOLUTE
    ../../printf.c                           0x00000000   Number         0  __printf_flags_ss.o ABSOLUTE
    ../../printf.c                           0x00000000   Number         0  __printf_wp.o ABSOLUTE
    ../../printf.c                           0x00000000   Number         0  __printf_flags_wp.o ABSOLUTE
    ../../printf.c                           0x00000000   Number         0  __printf_ss_wp.o ABSOLUTE
    ../../printf.c                           0x00000000   Number         0  __printf_flags_ss_wp.o ABSOLUTE
    ../../printf.c                           0x00000000   Number         0  __printf_nopercent.o ABSOLUTE
    ../../printf.c                           0x00000000   Number         0  _printf_intcommon.o ABSOLUTE
    ../../printf_percent.s                   0x00000000   Number         0  _printf_x.o ABSOLUTE
    ../../printf_percent.s                   0x00000000   Number         0  _printf_percent_end.o ABSOLUTE
    ../../printf_percent.s                   0x00000000   Number         0  _printf_percent.o ABSOLUTE
    ../../signal.c                           0x00000000   Number         0  __raise.o ABSOLUTE
    ../../signal.c                           0x00000000   Number         0  defsig_rtmem_outer.o ABSOLUTE
    ../../signal.c                           0x00000000   Number         0  defsig_fpe_formal.o ABSOLUTE
    ../../signal.c                           0x00000000   Number         0  defsig_exit.o ABSOLUTE
    ../../signal.c                           0x00000000   Number         0  defsig_fpe_outer.o ABSOLUTE
    ../../signal.c                           0x00000000   Number         0  defsig_general.o ABSOLUTE
    ../../signal.c                           0x00000000   Number         0  defsig_fpe_inner.o ABSOLUTE
    ../../signal.c                           0x00000000   Number         0  defsig_abrt_inner.o ABSOLUTE
    ../../signal.c                           0x00000000   Number         0  defsig_rtmem_formal.o ABSOLUTE
    ../../signal.c                           0x00000000   Number         0  defsig_stak_inner.o ABSOLUTE
    ../../signal.c                           0x00000000   Number         0  defsig_pvfn_inner.o ABSOLUTE
    ../../signal.c                           0x00000000   Number         0  defsig_cppl_inner.o ABSOLUTE
    ../../signal.c                           0x00000000   Number         0  defsig_segv_inner.o ABSOLUTE
    ../../signal.c                           0x00000000   Number         0  defsig_other.o ABSOLUTE
    ../../signal.c                           0x00000000   Number         0  defsig_rtred_inner.o ABSOLUTE
    ../../signal.c                           0x00000000   Number         0  defsig_rtmem_inner.o ABSOLUTE
    ../../signal.s                           0x00000000   Number         0  defsig.o ABSOLUTE
    ../../stdlib.c                           0x00000000   Number         0  exit.o ABSOLUTE
    ../../usenofp.s                          0x00000000   Number         0  usenofp.o ABSOLUTE
    ..\..\Library\Device\Nuvoton\Mini51Series\Source\ARM\startup_Mini51Series.s 0x00000000   Number         0  startup_mini51series.o ABSOLUTE
    ..\..\Library\Device\Nuvoton\Mini51Series\Source\system_Mini51Series.c 0x00000000   Number         0  system_mini51series.o ABSOLUTE
    ..\..\Library\StdDriver\src\clk.c        0x00000000   Number         0  clk.o ABSOLUTE
    ..\..\Library\StdDriver\src\retarget.c   0x00000000   Number         0  retarget.o ABSOLUTE
    ..\..\Library\StdDriver\src\spi.c        0x00000000   Number         0  spi.o ABSOLUTE
    ..\..\Library\StdDriver\src\sys.c        0x00000000   Number         0  sys.o ABSOLUTE
    ..\..\Library\StdDriver\src\timer.c      0x00000000   Number         0  timer.o ABSOLUTE
    ..\..\Library\StdDriver\src\uart.c       0x00000000   Number         0  uart.o ABSOLUTE
    ..\\..\\Library\\Device\\Nuvoton\\Mini51Series\\Source\\system_Mini51Series.c 0x00000000   Number         0  system_mini51series.o ABSOLUTE
    ..\\..\\Library\\StdDriver\\src\\clk.c   0x00000000   Number         0  clk.o ABSOLUTE
    ..\\..\\Library\\StdDriver\\src\\retarget.c 0x00000000   Number         0  retarget.o ABSOLUTE
    ..\\..\\Library\\StdDriver\\src\\spi.c   0x00000000   Number         0  spi.o ABSOLUTE
    ..\\..\\Library\\StdDriver\\src\\sys.c   0x00000000   Number         0  sys.o ABSOLUTE
    ..\\..\\Library\\StdDriver\\src\\timer.c 0x00000000   Number         0  timer.o ABSOLUTE
    ..\\..\\Library\\StdDriver\\src\\uart.c  0x00000000   Number         0  uart.o ABSOLUTE
    ..\\main.c                               0x00000000   Number         0  main.o ABSOLUTE
    ..\main.c                                0x00000000   Number         0  main.o ABSOLUTE
    dc.s                                     0x00000000   Number         0  dc.o ABSOLUTE
    !!!main                                  0x000000c0   Section        8  __main.o(!!!main)
    !!!scatter                               0x000000c8   Section       60  __scatter.o(!!!scatter)
    !!handler_copy                           0x00000104   Section       26  __scatter_copy.o(!!handler_copy)
    !!handler_zi                             0x00000120   Section       28  __scatter_zi.o(!!handler_zi)
    .ARM.Collect$$_printf_percent$$00000000  0x0000013c   Section        2  _printf_percent.o(.ARM.Collect$$_printf_percent$$00000000)
    .ARM.Collect$$_printf_percent$$0000000C  0x0000013e   Section       10  _printf_x.o(.ARM.Collect$$_printf_percent$$0000000C)
    .ARM.Collect$$_printf_percent$$00000017  0x00000148   Section        4  _printf_percent_end.o(.ARM.Collect$$_printf_percent$$00000017)
    .ARM.Collect$$libinit$$00000000          0x0000014c   Section        6  libinit.o(.ARM.Collect$$libinit$$00000000)
    .ARM.Collect$$libinit$$00000006          0x00000152   Section        0  libinit2.o(.ARM.Collect$$libinit$$00000006)
    .ARM.Collect$$libinit$$00000008          0x00000152   Section        0  libinit2.o(.ARM.Collect$$libinit$$00000008)
    .ARM.Collect$$libinit$$0000000A          0x00000152   Section        0  libinit2.o(.ARM.Collect$$libinit$$0000000A)
    .ARM.Collect$$libinit$$0000000D          0x00000152   Section        0  libinit2.o(.ARM.Collect$$libinit$$0000000D)
    .ARM.Collect$$libinit$$0000000F          0x00000152   Section        0  libinit2.o(.ARM.Collect$$libinit$$0000000F)
    .ARM.Collect$$libinit$$00000011          0x00000152   Section        0  libinit2.o(.ARM.Collect$$libinit$$00000011)
    .ARM.Collect$$libinit$$00000013          0x00000152   Section        0  libinit2.o(.ARM.Collect$$libinit$$00000013)
    .ARM.Collect$$libinit$$00000015          0x00000152   Section        0  libinit2.o(.ARM.Collect$$libinit$$00000015)
    .ARM.Collect$$libinit$$00000017          0x00000152   Section        0  libinit2.o(.ARM.Collect$$libinit$$00000017)
    .ARM.Collect$$libinit$$00000019          0x00000152   Section        0  libinit2.o(.ARM.Collect$$libinit$$00000019)
    .ARM.Collect$$libinit$$0000001B          0x00000152   Section        0  libinit2.o(.ARM.Collect$$libinit$$0000001B)
    .ARM.Collect$$libinit$$0000001D          0x00000152   Section        0  libinit2.o(.ARM.Collect$$libinit$$0000001D)
    .ARM.Collect$$libinit$$0000001F          0x00000152   Section        0  libinit2.o(.ARM.Collect$$libinit$$0000001F)
    .ARM.Collect$$libinit$$00000021          0x00000152   Section        0  libinit2.o(.ARM.Collect$$libinit$$00000021)
    .ARM.Collect$$libinit$$00000028          0x00000152   Section        0  libinit2.o(.ARM.Collect$$libinit$$00000028)
    .ARM.Collect$$libinit$$0000002A          0x00000152   Section        0  libinit2.o(.ARM.Collect$$libinit$$0000002A)
    .ARM.Collect$$libinit$$0000002C          0x00000152   Section        0  libinit2.o(.ARM.Collect$$libinit$$0000002C)
    .ARM.Collect$$libinit$$0000002E          0x00000152   Section        0  libinit2.o(.ARM.Collect$$libinit$$0000002E)
    .ARM.Collect$$libinit$$0000002F          0x00000152   Section        2  libinit2.o(.ARM.Collect$$libinit$$0000002F)
    .ARM.Collect$$libshutdown$$00000000      0x00000154   Section        2  libshutdown.o(.ARM.Collect$$libshutdown$$00000000)
    .ARM.Collect$$libshutdown$$00000003      0x00000156   Section        0  libshutdown2.o(.ARM.Collect$$libshutdown$$00000003)
    .ARM.Collect$$libshutdown$$00000006      0x00000156   Section        0  libshutdown2.o(.ARM.Collect$$libshutdown$$00000006)
    .ARM.Collect$$libshutdown$$00000009      0x00000156   Section        0  libshutdown2.o(.ARM.Collect$$libshutdown$$00000009)
    .ARM.Collect$$libshutdown$$0000000B      0x00000156   Section        0  libshutdown2.o(.ARM.Collect$$libshutdown$$0000000B)
    .ARM.Collect$$libshutdown$$0000000E      0x00000156   Section        0  libshutdown2.o(.ARM.Collect$$libshutdown$$0000000E)
    .ARM.Collect$$libshutdown$$0000000F      0x00000156   Section        2  libshutdown2.o(.ARM.Collect$$libshutdown$$0000000F)
    .ARM.Collect$$rtentry$$00000000          0x00000158   Section        0  rtentry.o(.ARM.Collect$$rtentry$$00000000)
    .ARM.Collect$$rtentry$$00000002          0x00000158   Section        0  rtentry2.o(.ARM.Collect$$rtentry$$00000002)
    .ARM.Collect$$rtentry$$00000004          0x00000158   Section        6  rtentry4.o(.ARM.Collect$$rtentry$$00000004)
    .ARM.Collect$$rtentry$$00000009          0x0000015e   Section        0  rtentry2.o(.ARM.Collect$$rtentry$$00000009)
    .ARM.Collect$$rtentry$$0000000A          0x0000015e   Section        4  rtentry2.o(.ARM.Collect$$rtentry$$0000000A)
    .ARM.Collect$$rtentry$$0000000C          0x00000162   Section        0  rtentry2.o(.ARM.Collect$$rtentry$$0000000C)
    .ARM.Collect$$rtentry$$0000000D          0x00000162   Section        8  rtentry2.o(.ARM.Collect$$rtentry$$0000000D)
    .ARM.Collect$$rtexit$$00000000           0x0000016a   Section        2  rtexit.o(.ARM.Collect$$rtexit$$00000000)
    .ARM.Collect$$rtexit$$00000002           0x0000016c   Section        0  rtexit2.o(.ARM.Collect$$rtexit$$00000002)
    .ARM.Collect$$rtexit$$00000003           0x0000016c   Section        4  rtexit2.o(.ARM.Collect$$rtexit$$00000003)
    .ARM.Collect$$rtexit$$00000004           0x00000170   Section        6  rtexit2.o(.ARM.Collect$$rtexit$$00000004)
    .text                                    0x00000178   Section        0  system_mini51series.o(.text)
    .text                                    0x000001e0   Section       44  startup_mini51series.o(.text)
    Default_Handler                          0x000001ef   Thumb Code     2  startup_mini51series.o(.text)
    .text                                    0x0000020c   Section        0  retarget.o(.text)
    .text                                    0x00000260   Section        0  uart.o(.text)
    .text                                    0x000002dc   Section        0  sys.o(.text)
    .text                                    0x00000304   Section        0  clk.o(.text)
    .text                                    0x00000338   Section        0  timer.o(.text)
    .text                                    0x000003fc   Section        0  spi.o(.text)
    .text                                    0x00000488   Section        0  main.o(.text)
    TIMER_Start                              0x000007d1   Thumb Code    12  main.o(.text)
    TIMER_Stop                               0x000007dd   Thumb Code    12  main.o(.text)
    .text                                    0x000008c4   Section        0  noretval__2printf.o(.text)
    .text                                    0x000008e0   Section        0  _printf_hex_int.o(.text)
    .text                                    0x00000938   Section        0  __printf_wp.o(.text)
    .text                                    0x00000a48   Section      346  aeabi_sdiv.o(.text)
    .text                                    0x00000ba2   Section        0  heapauxi.o(.text)
    .text                                    0x00000ba8   Section        0  _printf_intcommon.o(.text)
    .text                                    0x00000c58   Section        0  _printf_char_file.o(.text)
    .text                                    0x00000c80   Section        0  _printf_char_common.o(.text)
    _printf_input_char                       0x00000c81   Thumb Code    10  _printf_char_common.o(.text)
    .text                                    0x00000cb0   Section       62  sys_stackheap_outer.o(.text)
    .text                                    0x00000cee   Section        0  exit.o(.text)
    .text                                    0x00000cfc   Section        8  libspace.o(.text)
    .text                                    0x00000d04   Section        0  sys_exit.o(.text)
    .text                                    0x00000d10   Section        2  use_no_semi.o(.text)
    .text                                    0x00000d12   Section        0  indicate_semi.o(.text)
    i._is_digit                              0x00000d12   Section        0  __printf_wp.o(i._is_digit)
    .constdata                               0x00000d20   Section       32  uart.o(.constdata)
    .constdata                               0x00000d40   Section       40  _printf_hex_int.o(.constdata)
    uc_hextab                                0x00000d40   Data          20  _printf_hex_int.o(.constdata)
    lc_hextab                                0x00000d54   Data          20  _printf_hex_int.o(.constdata)
    .data                                    0x20000000   Section        8  system_mini51series.o(.data)
    .data                                    0x20000008   Section        8  retarget.o(.data)
    .data                                    0x20000010   Section       28  main.o(.data)
    .bss                                     0x2000002c   Section     1052  main.o(.bss)
    .bss                                     0x20000448   Section       96  libspace.o(.bss)
    HEAP                                     0x200004a8   Section        0  startup_mini51series.o(HEAP)
    STACK                                    0x200004a8   Section      512  startup_mini51series.o(STACK)
    Heap_Mem                                 0x200004a8   Data           0  startup_mini51series.o(HEAP)
    Stack_Mem                                0x200004a8   Data         512  startup_mini51series.o(STACK)
    __initial_sp                             0x200006a8   Data           0  startup_mini51series.o(STACK)

    Global Symbols

    Symbol Name                              Value     Ov Type        Size  Object(Section)

    BuildAttributes$$THM_ISAv3M$S$PE$A:L22$X:L11$S22$IEEE1$IW$USESV6$~STKCKD$USESV7$~SHL$OSPACE$ROPI$EBA8$UX$STANDARDLIB$REQ8$PRES8$EABIv2 0x00000000   Number         0  anon$$obj.o ABSOLUTE
    __ARM_use_no_argv                        0x00000000   Number         0  main.o ABSOLUTE
    __Vectors                                0x00000000   Data           4  startup_mini51series.o(RESET)
    _printf_flags                            0x00000000   Number         0  printf_stubs.o ABSOLUTE
    _printf_return_value                     0x00000000   Number         0  printf_stubs.o ABSOLUTE
    _printf_sizespec                         0x00000000   Number         0  printf_stubs.o ABSOLUTE
    _printf_widthprec                        0x00000000   Number         0  printf_stubs.o ABSOLUTE
    __ARM_exceptions_init                     - Undefined Weak Reference
    __alloca_initialize                       - Undefined Weak Reference
    __cpp_initialize__aeabi_                  - Undefined Weak Reference
    __cxa_finalize                            - Undefined Weak Reference
    __rt_locale                               - Undefined Weak Reference
    __sigvec_lookup                           - Undefined Weak Reference
    _atexit_init                              - Undefined Weak Reference
    _call_atexit_fns                          - Undefined Weak Reference
    _clock_init                               - Undefined Weak Reference
    _fp_trap_init                             - Undefined Weak Reference
    _fp_trap_shutdown                         - Undefined Weak Reference
    _get_lc_collate                           - Undefined Weak Reference
    _get_lc_ctype                             - Undefined Weak Reference
    _get_lc_monetary                          - Undefined Weak Reference
    _get_lc_numeric                           - Undefined Weak Reference
    _get_lc_time                              - Undefined Weak Reference
    _getenv_init                              - Undefined Weak Reference
    _handle_redirection                       - Undefined Weak Reference
    _init_alloc                               - Undefined Weak Reference
    _init_user_alloc                          - Undefined Weak Reference
    _initio                                   - Undefined Weak Reference
    _printf_post_padding                      - Undefined Weak Reference
    _printf_pre_padding                       - Undefined Weak Reference
    _printf_truncate_unsigned                 - Undefined Weak Reference
    _rand_init                                - Undefined Weak Reference
    _signal_finish                            - Undefined Weak Reference
    _signal_init                              - Undefined Weak Reference
    _terminate_alloc                          - Undefined Weak Reference
    _terminate_user_alloc                     - Undefined Weak Reference
    _terminateio                              - Undefined Weak Reference
    __main                                   0x000000c1   Thumb Code     8  __main.o(!!!main)
    __scatterload                            0x000000c9   Thumb Code     0  __scatter.o(!!!scatter)
    __scatterload_rt2                        0x000000c9   Thumb Code    52  __scatter.o(!!!scatter)
    __scatterload_rt2_thumb_only             0x000000c9   Thumb Code     0  __scatter.o(!!!scatter)
    __scatterload_null                       0x000000d9   Thumb Code     0  __scatter.o(!!!scatter)
    __scatterload_copy                       0x00000105   Thumb Code    26  __scatter_copy.o(!!handler_copy)
    __scatterload_zeroinit                   0x00000121   Thumb Code    28  __scatter_zi.o(!!handler_zi)
    _printf_percent                          0x0000013d   Thumb Code     0  _printf_percent.o(.ARM.Collect$$_printf_percent$$00000000)
    _printf_x                                0x0000013f   Thumb Code     0  _printf_x.o(.ARM.Collect$$_printf_percent$$0000000C)
    _printf_percent_end                      0x00000149   Thumb Code     0  _printf_percent_end.o(.ARM.Collect$$_printf_percent$$00000017)
    __rt_lib_init                            0x0000014d   Thumb Code     0  libinit.o(.ARM.Collect$$libinit$$00000000)
    __rt_lib_init_alloca_1                   0x00000153   Thumb Code     0  libinit2.o(.ARM.Collect$$libinit$$0000002A)
    __rt_lib_init_argv_1                     0x00000153   Thumb Code     0  libinit2.o(.ARM.Collect$$libinit$$00000028)
    __rt_lib_init_atexit_1                   0x00000153   Thumb Code     0  libinit2.o(.ARM.Collect$$libinit$$00000017)
    __rt_lib_init_clock_1                    0x00000153   Thumb Code     0  libinit2.o(.ARM.Collect$$libinit$$0000001D)
    __rt_lib_init_cpp_1                      0x00000153   Thumb Code     0  libinit2.o(.ARM.Collect$$libinit$$0000002E)
    __rt_lib_init_exceptions_1               0x00000153   Thumb Code     0  libinit2.o(.ARM.Collect$$libinit$$0000002C)
    __rt_lib_init_fp_trap_1                  0x00000153   Thumb Code     0  libinit2.o(.ARM.Collect$$libinit$$0000001B)
    __rt_lib_init_getenv_1                   0x00000153   Thumb Code     0  libinit2.o(.ARM.Collect$$libinit$$0000001F)
    __rt_lib_init_heap_1                     0x00000153   Thumb Code     0  libinit2.o(.ARM.Collect$$libinit$$00000006)
    __rt_lib_init_lc_collate_1               0x00000153   Thumb Code     0  libinit2.o(.ARM.Collect$$libinit$$0000000D)
    __rt_lib_init_lc_ctype_1                 0x00000153   Thumb Code     0  libinit2.o(.ARM.Collect$$libinit$$0000000F)
    __rt_lib_init_lc_monetary_1              0x00000153   Thumb Code     0  libinit2.o(.ARM.Collect$$libinit$$00000011)
    __rt_lib_init_lc_numeric_1               0x00000153   Thumb Code     0  libinit2.o(.ARM.Collect$$libinit$$00000013)
    __rt_lib_init_lc_time_1                  0x00000153   Thumb Code     0  libinit2.o(.ARM.Collect$$libinit$$00000015)
    __rt_lib_init_rand_1                     0x00000153   Thumb Code     0  libinit2.o(.ARM.Collect$$libinit$$0000000A)
    __rt_lib_init_return                     0x00000153   Thumb Code     0  libinit2.o(.ARM.Collect$$libinit$$0000002F)
    __rt_lib_init_signal_1                   0x00000153   Thumb Code     0  libinit2.o(.ARM.Collect$$libinit$$00000019)
    __rt_lib_init_stdio_1                    0x00000153   Thumb Code     0  libinit2.o(.ARM.Collect$$libinit$$00000021)
    __rt_lib_init_user_alloc_1               0x00000153   Thumb Code     0  libinit2.o(.ARM.Collect$$libinit$$00000008)
    __rt_lib_shutdown                        0x00000155   Thumb Code     0  libshutdown.o(.ARM.Collect$$libshutdown$$00000000)
    __rt_lib_shutdown_fp_trap_1              0x00000157   Thumb Code     0  libshutdown2.o(.ARM.Collect$$libshutdown$$00000006)
    __rt_lib_shutdown_heap_1                 0x00000157   Thumb Code     0  libshutdown2.o(.ARM.Collect$$libshutdown$$0000000E)
    __rt_lib_shutdown_return                 0x00000157   Thumb Code     0  libshutdown2.o(.ARM.Collect$$libshutdown$$0000000F)
    __rt_lib_shutdown_signal_1               0x00000157   Thumb Code     0  libshutdown2.o(.ARM.Collect$$libshutdown$$00000009)
    __rt_lib_shutdown_stdio_1                0x00000157   Thumb Code     0  libshutdown2.o(.ARM.Collect$$libshutdown$$00000003)
    __rt_lib_shutdown_user_alloc_1           0x00000157   Thumb Code     0  libshutdown2.o(.ARM.Collect$$libshutdown$$0000000B)
    __rt_entry                               0x00000159   Thumb Code     0  rtentry.o(.ARM.Collect$$rtentry$$00000000)
    __rt_entry_presh_1                       0x00000159   Thumb Code     0  rtentry2.o(.ARM.Collect$$rtentry$$00000002)
    __rt_entry_sh                            0x00000159   Thumb Code     0  rtentry4.o(.ARM.Collect$$rtentry$$00000004)
    __rt_entry_li                            0x0000015f   Thumb Code     0  rtentry2.o(.ARM.Collect$$rtentry$$0000000A)
    __rt_entry_postsh_1                      0x0000015f   Thumb Code     0  rtentry2.o(.ARM.Collect$$rtentry$$00000009)
    __rt_entry_main                          0x00000163   Thumb Code     0  rtentry2.o(.ARM.Collect$$rtentry$$0000000D)
    __rt_entry_postli_1                      0x00000163   Thumb Code     0  rtentry2.o(.ARM.Collect$$rtentry$$0000000C)
    __rt_exit                                0x0000016b   Thumb Code     0  rtexit.o(.ARM.Collect$$rtexit$$00000000)
    __rt_exit_ls                             0x0000016d   Thumb Code     0  rtexit2.o(.ARM.Collect$$rtexit$$00000003)
    __rt_exit_prels_1                        0x0000016d   Thumb Code     0  rtexit2.o(.ARM.Collect$$rtexit$$00000002)
    __rt_exit_exit                           0x00000171   Thumb Code     0  rtexit2.o(.ARM.Collect$$rtexit$$00000004)
    SystemCoreClockUpdate                    0x00000179   Thumb Code    76  system_mini51series.o(.text)
    Reset_Handler                            0x000001e1   Thumb Code     4  startup_mini51series.o(.text)
    NMI_Handler                              0x000001e5   Thumb Code     2  startup_mini51series.o(.text)
    HardFault_Handler                        0x000001e7   Thumb Code     2  startup_mini51series.o(.text)
    SVC_Handler                              0x000001e9   Thumb Code     2  startup_mini51series.o(.text)
    PendSV_Handler                           0x000001eb   Thumb Code     2  startup_mini51series.o(.text)
    SysTick_Handler                          0x000001ed   Thumb Code     2  startup_mini51series.o(.text)
    ACMP_IRQHandler                          0x000001ef   Thumb Code     0  startup_mini51series.o(.text)
    ADC_IRQHandler                           0x000001ef   Thumb Code     0  startup_mini51series.o(.text)
    BOD_IRQHandler                           0x000001ef   Thumb Code     0  startup_mini51series.o(.text)
    EINT0_IRQHandler                         0x000001ef   Thumb Code     0  startup_mini51series.o(.text)
    EINT1_IRQHandler                         0x000001ef   Thumb Code     0  startup_mini51series.o(.text)
    FB_IRQHandler                            0x000001ef   Thumb Code     0  startup_mini51series.o(.text)
    GPIO01_IRQHandler                        0x000001ef   Thumb Code     0  startup_mini51series.o(.text)
    GPIO234_IRQHandler                       0x000001ef   Thumb Code     0  startup_mini51series.o(.text)
    GPIO5_IRQHandler                         0x000001ef   Thumb Code     0  startup_mini51series.o(.text)
    HIRC_IRQHandler                          0x000001ef   Thumb Code     0  startup_mini51series.o(.text)
    I2C_IRQHandler                           0x000001ef   Thumb Code     0  startup_mini51series.o(.text)
    PDWU_IRQHandler                          0x000001ef   Thumb Code     0  startup_mini51series.o(.text)
    PWM_IRQHandler                           0x000001ef   Thumb Code     0  startup_mini51series.o(.text)
    SPI_IRQHandler                           0x000001ef   Thumb Code     0  startup_mini51series.o(.text)
    TMR0_IRQHandler                          0x000001ef   Thumb Code     0  startup_mini51series.o(.text)
    TMR1_IRQHandler                          0x000001ef   Thumb Code     0  startup_mini51series.o(.text)
    WDT_IRQHandler                           0x000001ef   Thumb Code     0  startup_mini51series.o(.text)
    __user_initial_stackheap                 0x000001f1   Thumb Code     0  startup_mini51series.o(.text)
    SendChar_ToUART                          0x0000020d   Thumb Code    44  retarget.o(.text)
    SendChar                                 0x00000239   Thumb Code    12  retarget.o(.text)
    fputc                                    0x00000245   Thumb Code    16  retarget.o(.text)
    ferror                                   0x00000255   Thumb Code     8  retarget.o(.text)
    UART_Open                                0x00000261   Thumb Code   110  uart.o(.text)
    SYS_LockReg                              0x000002dd   Thumb Code     8  sys.o(.text)
    SYS_UnlockReg                            0x000002e5   Thumb Code    26  sys.o(.text)
    CLK_GetHCLKFreq                          0x00000305   Thumb Code    12  clk.o(.text)
    CLK_WaitClockReady                       0x00000311   Thumb Code    30  clk.o(.text)
    TIMER_GetModuleClock                     0x00000339   Thumb Code    82  timer.o(.text)
    TIMER_Open                               0x0000038b   Thumb Code    84  timer.o(.text)
    SPI_Open                                 0x000003fd   Thumb Code   108  spi.o(.text)
    SPI_EnableAutoSS                         0x00000469   Thumb Code    18  spi.o(.text)
    SYS_Init                                 0x00000489   Thumb Code    76  main.o(.text)
    Timer_Init                               0x000004d5   Thumb Code    50  main.o(.text)
    Timer_update                             0x00000507   Thumb Code    64  main.o(.text)
    Hello_Message                            0x00000547   Thumb Code    28  main.o(.text)
    UART_HANDLE                              0x00000563   Thumb Code   506  main.o(.text)
    UART_IRQHandler                          0x0000075d   Thumb Code     8  main.o(.text)
    UART_Enable                              0x00000765   Thumb Code    26  main.o(.text)
    SPI_Init                                 0x0000077f   Thumb Code    48  main.o(.text)
    main                                     0x000007af   Thumb Code    34  main.o(.text)
    __2printf                                0x000008c5   Thumb Code    22  noretval__2printf.o(.text)
    _printf_int_hex                          0x000008e1   Thumb Code    84  _printf_hex_int.o(.text)
    _printf_longlong_hex                     0x000008e1   Thumb Code     0  _printf_hex_int.o(.text)
    __printf                                 0x00000939   Thumb Code   272  __printf_wp.o(.text)
    __aeabi_uidiv                            0x00000a49   Thumb Code     0  aeabi_sdiv.o(.text)
    __aeabi_uidivmod                         0x00000a49   Thumb Code    20  aeabi_sdiv.o(.text)
    __aeabi_idiv                             0x00000a5d   Thumb Code     0  aeabi_sdiv.o(.text)
    __aeabi_idivmod                          0x00000a5d   Thumb Code   326  aeabi_sdiv.o(.text)
    __use_two_region_memory                  0x00000ba3   Thumb Code     2  heapauxi.o(.text)
    __rt_heap_escrow$2region                 0x00000ba5   Thumb Code     2  heapauxi.o(.text)
    __rt_heap_expand$2region                 0x00000ba7   Thumb Code     2  heapauxi.o(.text)
    _printf_int_common                       0x00000ba9   Thumb Code   176  _printf_intcommon.o(.text)
    _printf_char_file                        0x00000c59   Thumb Code    34  _printf_char_file.o(.text)
    _printf_char_common                      0x00000c8b   Thumb Code    32  _printf_char_common.o(.text)
    __user_setup_stackheap                   0x00000cb1   Thumb Code    62  sys_stackheap_outer.o(.text)
    exit                                     0x00000cef   Thumb Code    12  exit.o(.text)
    __user_libspace                          0x00000cfd   Thumb Code     8  libspace.o(.text)
    __user_perproc_libspace                  0x00000cfd   Thumb Code     0  libspace.o(.text)
    __user_perthread_libspace                0x00000cfd   Thumb Code     0  libspace.o(.text)
    _sys_exit                                0x00000d05   Thumb Code     8  sys_exit.o(.text)
    __I$use$semihosting                      0x00000d11   Thumb Code     0  use_no_semi.o(.text)
    __use_no_semihosting_swi                 0x00000d11   Thumb Code     2  use_no_semi.o(.text)
    __semihosting_library_function           0x00000d13   Thumb Code     0  indicate_semi.o(.text)
    _is_digit                                0x00000d13   Thumb Code    14  __printf_wp.o(i._is_digit)
    Region$$Table$$Base                      0x00000d68   Number         0  anon$$obj.o(Region$$Table)
    Region$$Table$$Limit                     0x00000d88   Number         0  anon$$obj.o(Region$$Table)
    SystemCoreClock                          0x20000000   Data           4  system_mini51series.o(.data)
    CyclesPerUs                              0x20000004   Data           4  system_mini51series.o(.data)
    __stdout                                 0x20000008   Data           4  retarget.o(.data)
    __stdin                                  0x2000000c   Data           4  retarget.o(.data)
    g_u32comRbytes                           0x20000010   Data           4  main.o(.data)
    g_u32comRhead                            0x20000014   Data           4  main.o(.data)
    g_u32comRtail                            0x20000018   Data           4  main.o(.data)
    g_bWait                                  0x2000001c   Data           4  main.o(.data)
    g_i32pointer                             0x20000020   Data           4  main.o(.data)
    UART_ReadCounter                         0x20000024   Data           4  main.o(.data)
    Timer_Constant                           0x20000028   Data           4  main.o(.data)
    g_u8SendData                             0x2000002c   Data          12  main.o(.bss)
    g_u8RecData                              0x20000038   Data        1024  main.o(.bss)
    UART_Buffer                              0x20000438   Data          16  main.o(.bss)
    __libspace_start                         0x20000448   Data          96  libspace.o(.bss)
    __temporary_stack_top$libspace           0x200004a8   Data           0  libspace.o(.bss)



==============================================================================

Memory Map of the image

  Image Entry point : 0x000001e1

  Load Region LR_1 (Base: 0x00000000, Size: 0x00000db4, Max: 0xffffffff, ABSOLUTE)

    Execution Region ER_RO (Base: 0x00000000, Size: 0x00000d88, Max: 0xffffffff, ABSOLUTE)

    Base Addr    Size         Type   Attr      Idx    E Section Name        Object

    0x00000000   0x000000c0   Data   RO           81    RESET               startup_mini51series.o
    0x000000c0   0x00000008   Code   RO          712  * !!!main             c_p.l(__main.o)
    0x000000c8   0x0000003c   Code   RO          897    !!!scatter          c_p.l(__scatter.o)
    0x00000104   0x0000001a   Code   RO          899    !!handler_copy      c_p.l(__scatter_copy.o)
    0x0000011e   0x00000002   PAD
    0x00000120   0x0000001c   Code   RO          901    !!handler_zi        c_p.l(__scatter_zi.o)
    0x0000013c   0x00000002   Code   RO          705    .ARM.Collect$$_printf_percent$$00000000  c_p.l(_printf_percent.o)
    0x0000013e   0x0000000a   Code   RO          704    .ARM.Collect$$_printf_percent$$0000000C  c_p.l(_printf_x.o)
    0x00000148   0x00000004   Code   RO          736    .ARM.Collect$$_printf_percent$$00000017  c_p.l(_printf_percent_end.o)
    0x0000014c   0x00000006   Code   RO          773    .ARM.Collect$$libinit$$00000000  c_p.l(libinit.o)
    0x00000152   0x00000000   Code   RO          788    .ARM.Collect$$libinit$$00000006  c_p.l(libinit2.o)
    0x00000152   0x00000000   Code   RO          790    .ARM.Collect$$libinit$$00000008  c_p.l(libinit2.o)
    0x00000152   0x00000000   Code   RO          792    .ARM.Collect$$libinit$$0000000A  c_p.l(libinit2.o)
    0x00000152   0x00000000   Code   RO          795    .ARM.Collect$$libinit$$0000000D  c_p.l(libinit2.o)
    0x00000152   0x00000000   Code   RO          797    .ARM.Collect$$libinit$$0000000F  c_p.l(libinit2.o)
    0x00000152   0x00000000   Code   RO          799    .ARM.Collect$$libinit$$00000011  c_p.l(libinit2.o)
    0x00000152   0x00000000   Code   RO          801    .ARM.Collect$$libinit$$00000013  c_p.l(libinit2.o)
    0x00000152   0x00000000   Code   RO          803    .ARM.Collect$$libinit$$00000015  c_p.l(libinit2.o)
    0x00000152   0x00000000   Code   RO          805    .ARM.Collect$$libinit$$00000017  c_p.l(libinit2.o)
    0x00000152   0x00000000   Code   RO          807    .ARM.Collect$$libinit$$00000019  c_p.l(libinit2.o)
    0x00000152   0x00000000   Code   RO          809    .ARM.Collect$$libinit$$0000001B  c_p.l(libinit2.o)
    0x00000152   0x00000000   Code   RO          811    .ARM.Collect$$libinit$$0000001D  c_p.l(libinit2.o)
    0x00000152   0x00000000   Code   RO          813    .ARM.Collect$$libinit$$0000001F  c_p.l(libinit2.o)
    0x00000152   0x00000000   Code   RO          815    .ARM.Collect$$libinit$$00000021  c_p.l(libinit2.o)
    0x00000152   0x00000000   Code   RO          819    .ARM.Collect$$libinit$$00000028  c_p.l(libinit2.o)
    0x00000152   0x00000000   Code   RO          821    .ARM.Collect$$libinit$$0000002A  c_p.l(libinit2.o)
    0x00000152   0x00000000   Code   RO          823    .ARM.Collect$$libinit$$0000002C  c_p.l(libinit2.o)
    0x00000152   0x00000000   Code   RO          825    .ARM.Collect$$libinit$$0000002E  c_p.l(libinit2.o)
    0x00000152   0x00000002   Code   RO          826    .ARM.Collect$$libinit$$0000002F  c_p.l(libinit2.o)
    0x00000154   0x00000002   Code   RO          855    .ARM.Collect$$libshutdown$$00000000  c_p.l(libshutdown.o)
    0x00000156   0x00000000   Code   RO          882    .ARM.Collect$$libshutdown$$00000003  c_p.l(libshutdown2.o)
    0x00000156   0x00000000   Code   RO          885    .ARM.Collect$$libshutdown$$00000006  c_p.l(libshutdown2.o)
    0x00000156   0x00000000   Code   RO          888    .ARM.Collect$$libshutdown$$00000009  c_p.l(libshutdown2.o)
    0x00000156   0x00000000   Code   RO          890    .ARM.Collect$$libshutdown$$0000000B  c_p.l(libshutdown2.o)
    0x00000156   0x00000000   Code   RO          893    .ARM.Collect$$libshutdown$$0000000E  c_p.l(libshutdown2.o)
    0x00000156   0x00000002   Code   RO          894    .ARM.Collect$$libshutdown$$0000000F  c_p.l(libshutdown2.o)
    0x00000158   0x00000000   Code   RO          727    .ARM.Collect$$rtentry$$00000000  c_p.l(rtentry.o)
    0x00000158   0x00000000   Code   RO          739    .ARM.Collect$$rtentry$$00000002  c_p.l(rtentry2.o)
    0x00000158   0x00000006   Code   RO          751    .ARM.Collect$$rtentry$$00000004  c_p.l(rtentry4.o)
    0x0000015e   0x00000000   Code   RO          741    .ARM.Collect$$rtentry$$00000009  c_p.l(rtentry2.o)
    0x0000015e   0x00000004   Code   RO          742    .ARM.Collect$$rtentry$$0000000A  c_p.l(rtentry2.o)
    0x00000162   0x00000000   Code   RO          744    .ARM.Collect$$rtentry$$0000000C  c_p.l(rtentry2.o)
    0x00000162   0x00000008   Code   RO          745    .ARM.Collect$$rtentry$$0000000D  c_p.l(rtentry2.o)
    0x0000016a   0x00000002   Code   RO          778    .ARM.Collect$$rtexit$$00000000  c_p.l(rtexit.o)
    0x0000016c   0x00000000   Code   RO          832    .ARM.Collect$$rtexit$$00000002  c_p.l(rtexit2.o)
    0x0000016c   0x00000004   Code   RO          833    .ARM.Collect$$rtexit$$00000003  c_p.l(rtexit2.o)
    0x00000170   0x00000006   Code   RO          834    .ARM.Collect$$rtexit$$00000004  c_p.l(rtexit2.o)
    0x00000176   0x00000002   PAD
    0x00000178   0x00000068   Code   RO            3    .text               system_mini51series.o
    0x000001e0   0x0000002c   Code   RO           82  * .text               startup_mini51series.o
    0x0000020c   0x00000054   Code   RO           88    .text               retarget.o
    0x00000260   0x0000007c   Code   RO          174    .text               uart.o
    0x000002dc   0x00000028   Code   RO          277    .text               sys.o
    0x00000304   0x00000034   Code   RO          359    .text               clk.o
    0x00000338   0x000000c4   Code   RO          463    .text               timer.o
    0x000003fc   0x0000008c   Code   RO          519    .text               spi.o
    0x00000488   0x0000043c   Code   RO          599    .text               main.o
    0x000008c4   0x0000001c   Code   RO          659    .text               c_p.l(noretval__2printf.o)
    0x000008e0   0x00000058   Code   RO          666    .text               c_p.l(_printf_hex_int.o)
    0x00000938   0x00000110   Code   RO          692    .text               c_p.l(__printf_wp.o)
    0x00000a48   0x0000015a   Code   RO          706    .text               c_p.l(aeabi_sdiv.o)
    0x00000ba2   0x00000006   Code   RO          710    .text               c_p.l(heapauxi.o)
    0x00000ba8   0x000000b0   Code   RO          732    .text               c_p.l(_printf_intcommon.o)
    0x00000c58   0x00000028   Code   RO          734    .text               c_p.l(_printf_char_file.o)
    0x00000c80   0x00000030   Code   RO          755    .text               c_p.l(_printf_char_common.o)
    0x00000cb0   0x0000003e   Code   RO          757    .text               c_p.l(sys_stackheap_outer.o)
    0x00000cee   0x0000000c   Code   RO          762    .text               c_p.l(exit.o)
    0x00000cfa   0x00000002   PAD
    0x00000cfc   0x00000008   Code   RO          774    .text               c_p.l(libspace.o)
    0x00000d04   0x0000000c   Code   RO          829    .text               c_p.l(sys_exit.o)
    0x00000d10   0x00000002   Code   RO          844    .text               c_p.l(use_no_semi.o)
    0x00000d12   0x00000000   Code   RO          846    .text               c_p.l(indicate_semi.o)
    0x00000d12   0x0000000e   Code   RO          694    i._is_digit         c_p.l(__printf_wp.o)
    0x00000d20   0x00000020   Data   RO          182    .constdata          uart.o
    0x00000d40   0x00000028   Data   RO          667    .constdata          c_p.l(_printf_hex_int.o)
    0x00000d68   0x00000020   Data   RO          895    Region$$Table       anon$$obj.o


    Execution Region ER_RW (Base: 0x20000000, Size: 0x0000002c, Max: 0xffffffff, ABSOLUTE)

    Base Addr    Size         Type   Attr      Idx    E Section Name        Object

    0x20000000   0x00000008   Data   RW            4    .data               system_mini51series.o
    0x20000008   0x00000008   Data   RW           94    .data               retarget.o
    0x20000010   0x0000001c   Data   RW          602    .data               main.o


    Execution Region ER_ZI (Base: 0x2000002c, Size: 0x0000067c, Max: 0xffffffff, ABSOLUTE)

    Base Addr    Size         Type   Attr      Idx    E Section Name        Object

    0x2000002c   0x0000041c   Zero   RW          601    .bss                main.o
    0x20000448   0x00000060   Zero   RW          775    .bss                c_p.l(libspace.o)
    0x200004a8   0x00000000   Zero   RW           80    HEAP                startup_mini51series.o
    0x200004a8   0x00000200   Zero   RW           79    STACK               startup_mini51series.o


==============================================================================

Image component sizes


      Code (inc. data)   RO Data    RW Data    ZI Data      Debug   Object Name

        52         10          0          0          0        689   clk.o
      1084        220          0         28       1052      66422   main.o
        84          4          0          8          0      56194   retarget.o
       140         14          0          0          0       1444   spi.o
        44         18        192          0        512        708   startup_mini51series.o
        40          6          0          0          0        552   sys.o
       104         28          0          8          0      58458   system_mini51series.o
       196         30          0          0          0       1414   timer.o
       124         14         32          0          0       1140   uart.o

    ----------------------------------------------------------------------
      1868        344        256         44       1564     187021   Object Totals
         0          0         32          0          0          0   (incl. Generated)
         0          0          0          0          0          0   (incl. Padding)

    ----------------------------------------------------------------------

      Code (inc. data)   RO Data    RW Data    ZI Data      Debug   Library Member Name

         8          0          0          0          0         68   __main.o
       286          0          0          0          0        136   __printf_wp.o
        60          8          0          0          0          0   __scatter.o
        26          0          0          0          0          0   __scatter_copy.o
        28          0          0          0          0          0   __scatter_zi.o
        48          6          0          0          0         88   _printf_char_common.o
        40          6          0          0          0         72   _printf_char_file.o
        88          4         40          0          0         72   _printf_hex_int.o
       176          0          0          0          0         84   _printf_intcommon.o
         2          0          0          0          0          0   _printf_percent.o
         4          0          0          0          0          0   _printf_percent_end.o
        10          0          0          0          0          0   _printf_x.o
       346          0          0          0          0         92   aeabi_sdiv.o
        12          0          0          0          0         64   exit.o
         6          0          0          0          0        136   heapauxi.o
         0          0          0          0          0          0   indicate_semi.o
         6          0          0          0          0          0   libinit.o
         2          0          0          0          0          0   libinit2.o
         2          0          0          0          0          0   libshutdown.o
         2          0          0          0          0          0   libshutdown2.o
         8          4          0          0         96         68   libspace.o
        28          6          0          0          0         84   noretval__2printf.o
         0          0          0          0          0          0   rtentry.o
        12          0          0          0          0          0   rtentry2.o
         6          0          0          0          0          0   rtentry4.o
         2          0          0          0          0          0   rtexit.o
        10          0          0          0          0          0   rtexit2.o
        12          4          0          0          0         60   sys_exit.o
        62          0          0          0          0         80   sys_stackheap_outer.o
         2          0          0          0          0         68   use_no_semi.o

    ----------------------------------------------------------------------
      1300         38         40          0         96       1172   Library Totals
         6          0          0          0          0          0   (incl. Padding)

    ----------------------------------------------------------------------

      Code (inc. data)   RO Data    RW Data    ZI Data      Debug   Library Name

      1294         38         40          0         96       1172   c_p.l

    ----------------------------------------------------------------------
      1300         38         40          0         96       1172   Library Totals

    ----------------------------------------------------------------------

==============================================================================


      Code (inc. data)   RO Data    RW Data    ZI Data      Debug   

      3168        382        296         44       1660     187141   Grand Totals
      3168        382        296         44       1660     187141   ELF Image Totals
      3168        382        296         44          0          0   ROM Totals

==============================================================================

    Total RO  Size (Code + RO Data)                 3464 (   3.38kB)
    Total RW  Size (RW Data + ZI Data)              1704 (   1.66kB)
    Total ROM Size (Code + RO Data + RW Data)       3508 (   3.43kB)

==============================================================================

